Archive member included to satisfy reference by file (symbol)

/usr/lib/gcc/arm-none-eabi/13.2.1/libgcc.a(_udivsi3.o)
                              ./out/stdio.o (__aeabi_uidivmod)
/usr/lib/gcc/arm-none-eabi/13.2.1/libgcc.a(_dvmd_tls.o)
                              /usr/lib/gcc/arm-none-eabi/13.2.1/libgcc.a(_udivsi3.o) (__aeabi_idiv0)

Discarded input sections

 .data          0x00000000        0x0 ./out/Entry.os
 .bss           0x00000000        0x0 ./out/Entry.os
 .text          0x00000000        0x0 ./out/Handler.o
 .data          0x00000000        0x0 ./out/Handler.o
 .bss           0x00000000        0x0 ./out/Handler.o
 .text          0x00000000        0x0 ./out/Main.o
 .data          0x00000000        0x0 ./out/Main.o
 .bss           0x00000000        0x0 ./out/Main.o
 .text          0x00000000        0x0 ./out/Interrupt.o
 .data          0x00000000        0x0 ./out/Interrupt.o
 .bss           0x00000000        0x0 ./out/Interrupt.o
 .text.Hal_interrupt_disable
                0x00000000       0x40 ./out/Interrupt.o
 .text          0x00000000        0x0 ./out/Regs.o
 .data          0x00000000        0x0 ./out/Regs.o
 .bss           0x00000000        0x0 ./out/Regs.o
 .text          0x00000000        0x0 ./out/Timer.o
 .data          0x00000000        0x0 ./out/Timer.o
 .bss           0x00000000        0x0 ./out/Timer.o
 .text          0x00000000        0x0 ./out/Uart.o
 .data          0x00000000        0x0 ./out/Uart.o
 .bss           0x00000000        0x0 ./out/Uart.o
 .text          0x00000000        0x0 ./out/stdio.o
 .data          0x00000000        0x0 ./out/stdio.o
 .bss           0x00000000        0x0 ./out/stdio.o
 .text          0x00000000        0x0 ./out/stdlib.o
 .data          0x00000000        0x0 ./out/stdlib.o
 .bss           0x00000000        0x0 ./out/stdlib.o
 .text          0x00000000        0x0 ./out/armcpu.o
 .data          0x00000000        0x0 ./out/armcpu.o
 .bss           0x00000000        0x0 ./out/armcpu.o
 .text.enable_fiq
                0x00000000       0x18 ./out/armcpu.o
 .text.disable_fiq
                0x00000000       0x18 ./out/armcpu.o
 .text          0x00000000        0x0 ./out/switch.o
 .data          0x00000000        0x0 ./out/switch.o
 .bss           0x00000000        0x0 ./out/switch.o
 .text          0x00000000        0x0 ./out/event.o
 .data          0x00000000        0x0 ./out/event.o
 .bss           0x00000000        0x0 ./out/event.o
 .text          0x00000000        0x0 ./out/Kernel.o
 .data          0x00000000        0x0 ./out/Kernel.o
 .bss           0x00000000        0x0 ./out/Kernel.o
 .text.Kernel_flush_msg
                0x00000000       0x2c ./out/Kernel.o
 .text.Kernel_lock_sem
                0x00000000       0x18 ./out/Kernel.o
 .text.Kernel_unlock_sem
                0x00000000        0x4 ./out/Kernel.o
 .text          0x00000000        0x0 ./out/msg.o
 .data          0x00000000        0x0 ./out/msg.o
 .bss           0x00000000        0x0 ./out/msg.o
 .text          0x00000000        0x0 ./out/synch.o
 .data          0x00000000        0x0 ./out/synch.o
 .bss           0x00000000        0x0 ./out/synch.o
 .text.Kernel_sem_test
                0x00000000       0x24 ./out/synch.o
 .text.Kernel_sem_release
                0x00000000       0x2c ./out/synch.o
 .text          0x00000000        0x0 ./out/task.o
 .data          0x00000000        0x0 ./out/task.o
 .bss           0x00000000        0x0 ./out/task.o
 .data          0x00000000        0x0 /usr/lib/gcc/arm-none-eabi/13.2.1/libgcc.a(_udivsi3.o)
 .bss           0x00000000        0x0 /usr/lib/gcc/arm-none-eabi/13.2.1/libgcc.a(_udivsi3.o)
 .data          0x00000000        0x0 /usr/lib/gcc/arm-none-eabi/13.2.1/libgcc.a(_dvmd_tls.o)
 .bss           0x00000000        0x0 /usr/lib/gcc/arm-none-eabi/13.2.1/libgcc.a(_dvmd_tls.o)

Memory Configuration

Name             Origin             Length             Attributes
*default*        0x00000000         0xffffffff

Linker script and memory map

LOAD ./out/Entry.os
LOAD ./out/Handler.o
LOAD ./out/Main.o
LOAD ./out/Interrupt.o
LOAD ./out/Regs.o
LOAD ./out/Timer.o
LOAD ./out/Uart.o
LOAD ./out/stdio.o
LOAD ./out/stdlib.o
LOAD ./out/armcpu.o
LOAD ./out/switch.o
LOAD ./out/event.o
LOAD ./out/Kernel.o
LOAD ./out/msg.o
LOAD ./out/synch.o
LOAD ./out/task.o
LOAD /usr/lib/gcc/arm-none-eabi/13.2.1/libgcc.a
                0x00000000                        . = 0x0

.text           0x00000000      0x1ec
 *(vector_start)
 *(.text .rodata)
 .text          0x00000000       0xd4 ./out/Entry.os
                0x00000000                vector_start
                0x0000003c                vector_end
 .text          0x000000d4      0x114 /usr/lib/gcc/arm-none-eabi/13.2.1/libgcc.a(_udivsi3.o)
                0x000000d4                __udivsi3
                0x000000d4                __aeabi_uidiv
                0x000001c8                __aeabi_uidivmod
 .text          0x000001e8        0x4 /usr/lib/gcc/arm-none-eabi/13.2.1/libgcc.a(_dvmd_tls.o)
                0x000001e8                __aeabi_ldiv0
                0x000001e8                __aeabi_idiv0

.glue_7         0x000001ec        0x0
 .glue_7        0x000001ec        0x0 linker stubs

.glue_7t        0x000001ec        0x0
 .glue_7t       0x000001ec        0x0 linker stubs

.vfp11_veneer   0x000001ec        0x0
 .vfp11_veneer  0x000001ec        0x0 linker stubs

.v4_bx          0x000001ec        0x0
 .v4_bx         0x000001ec        0x0 linker stubs

.iplt           0x000001ec        0x0
 .iplt          0x000001ec        0x0 ./out/Entry.os

.text.Irq_Handler
                0x000001ec       0x10
 .text.Irq_Handler
                0x000001ec       0x10 ./out/Handler.o
                0x000001ec                Irq_Handler

.text.Fiq_Handler
                0x000001fc        0x4
 .text.Fiq_Handler
                0x000001fc        0x4 ./out/Handler.o
                0x000001fc                Fiq_Handler

.text.Test_critical_section
                0x00000200       0x58
 .text.Test_critical_section
                0x00000200       0x58 ./out/Main.o

.text.User_task2
                0x00000258       0x30
 .text.User_task2
                0x00000258       0x30 ./out/Main.o
                0x00000258                User_task2

.text.User_task0
                0x00000288      0x1ac
 .text.User_task0
                0x00000288      0x1ac ./out/Main.o
                0x00000288                User_task0

.text.User_task1
                0x00000434       0x8c
 .text.User_task1
                0x00000434       0x8c ./out/Main.o
                0x00000434                User_task1

.text.startup.main
                0x000004c0      0x16c
 .text.startup.main
                0x000004c0      0x16c ./out/Main.o
                0x000004c0                main

.text.Hal_interrupt_init
                0x0000062c       0x5c
 .text.Hal_interrupt_init
                0x0000062c       0x5c ./out/Interrupt.o
                0x0000062c                Hal_interrupt_init

.text.Hal_interrupt_enable
                0x00000688       0x40
 .text.Hal_interrupt_enable
                0x00000688       0x40 ./out/Interrupt.o
                0x00000688                Hal_interrupt_enable

.text.Hal_interrupt_register_handler
                0x000006c8       0x10
 .text.Hal_interrupt_register_handler
                0x000006c8       0x10 ./out/Interrupt.o
                0x000006c8                Hal_interrupt_register_handler

.text.Hal_interrupt_run_handler
                0x000006d8       0x44
 .text.Hal_interrupt_run_handler
                0x000006d8       0x44 ./out/Interrupt.o
                0x000006d8                Hal_interrupt_run_handler

.text.interrupt_handler
                0x0000071c       0xe0
 .text.interrupt_handler
                0x0000071c       0x70 ./out/Timer.o
 .text.interrupt_handler
                0x0000078c       0x70 ./out/Uart.o

.text.Hal_timer_init
                0x000007fc       0xe0
 .text.Hal_timer_init
                0x000007fc       0xe0 ./out/Timer.o
                0x000007fc                Hal_timer_init

.text.Hal_timer_get_1ms_counter
                0x000008dc       0x10
 .text.Hal_timer_get_1ms_counter
                0x000008dc       0x10 ./out/Timer.o
                0x000008dc                Hal_timer_get_1ms_counter

.text.Hal_uart_init
                0x000008ec       0x68
 .text.Hal_uart_init
                0x000008ec       0x68 ./out/Uart.o
                0x000008ec                Hal_uart_init

.text.Hal_uart_put_char
                0x00000954       0x20
 .text.Hal_uart_put_char
                0x00000954       0x20 ./out/Uart.o
                0x00000954                Hal_uart_put_char

.text.Hal_uart_get_char
                0x00000974       0x34
 .text.Hal_uart_get_char
                0x00000974       0x34 ./out/Uart.o
                0x00000974                Hal_uart_get_char

.text.putstr    0x000009a8       0x2c
 .text.putstr   0x000009a8       0x2c ./out/stdio.o
                0x000009a8                putstr

.text.utoa      0x000009d4       0x7c
 .text.utoa     0x000009d4       0x7c ./out/stdio.o
                0x000009d4                utoa

.text.vsprintf  0x00000a50       0xe4
 .text.vsprintf
                0x00000a50       0xe4 ./out/stdio.o
                0x00000a50                vsprintf

.text.debug_printf
                0x00000b34       0x3c
 .text.debug_printf
                0x00000b34       0x3c ./out/stdio.o
                0x00000b34                debug_printf

.text.memset    0x00000b70       0x18
 .text.memset   0x00000b70       0x18 ./out/stdlib.o
                0x00000b70                memset

.text.delay     0x00000b88       0x20
 .text.delay    0x00000b88       0x20 ./out/stdlib.o
                0x00000b88                delay

.text.memclr    0x00000ba8        0xc
 .text.memclr   0x00000ba8        0xc ./out/stdlib.o
                0x00000ba8                memclr

.text.enable_irq
                0x00000bb4       0x18
 .text.enable_irq
                0x00000bb4       0x18 ./out/armcpu.o
                0x00000bb4                enable_irq

.text.disable_irq
                0x00000bcc       0x18
 .text.disable_irq
                0x00000bcc       0x18 ./out/armcpu.o
                0x00000bcc                disable_irq

.text.Arch_start
                0x00000be4        0x4
 .text.Arch_start
                0x00000be4        0x4 ./out/switch.o
                0x00000be4                Arch_start

.text.Arch_context_switching
                0x00000be8        0x8
 .text.Arch_context_switching
                0x00000be8        0x8 ./out/switch.o
                0x00000be8                Arch_context_switching

.text.Arch_Save_context
                0x00000bf0       0x20
 .text.Arch_Save_context
                0x00000bf0       0x20 ./out/switch.o
                0x00000bf0                Arch_Save_context

.text.Arch_Restore_context
                0x00000c10       0x20
 .text.Arch_Restore_context
                0x00000c10       0x20 ./out/switch.o
                0x00000c10                Arch_Restore_context

.text.Kernel_event_flag_init
                0x00000c30       0x14
 .text.Kernel_event_flag_init
                0x00000c30       0x14 ./out/event.o
                0x00000c30                Kernel_event_flag_init

.text.Kernel_event_flag_set
                0x00000c44       0x18
 .text.Kernel_event_flag_set
                0x00000c44       0x18 ./out/event.o
                0x00000c44                Kernel_event_flag_set

.text.Kernel_event_flag_clear
                0x00000c5c       0x18
 .text.Kernel_event_flag_clear
                0x00000c5c       0x18 ./out/event.o
                0x00000c5c                Kernel_event_flag_clear

.text.Kernel_event_flag_check
                0x00000c74       0x2c
 .text.Kernel_event_flag_check
                0x00000c74       0x2c ./out/event.o
                0x00000c74                Kernel_event_flag_check

.text.Kernel_start
                0x00000ca0       0x10
 .text.Kernel_start
                0x00000ca0       0x10 ./out/Kernel.o
                0x00000ca0                Kernel_start

.text.Kernel_yield
                0x00000cb0        0x4
 .text.Kernel_yield
                0x00000cb0        0x4 ./out/Kernel.o
                0x00000cb0                Kernel_yield

.text.Kernel_send_events
                0x00000cb4       0x3c
 .text.Kernel_send_events
                0x00000cb4       0x3c ./out/Kernel.o
                0x00000cb4                Kernel_send_events

.text.Kernel_wait_events
                0x00000cf0       0x4c
 .text.Kernel_wait_events
                0x00000cf0       0x4c ./out/Kernel.o
                0x00000cf0                Kernel_wait_events

.text.Kernel_send_msg
                0x00000d3c       0x50
 .text.Kernel_send_msg
                0x00000d3c       0x50 ./out/Kernel.o
                0x00000d3c                Kernel_send_msg

.text.Kernel_recv_msg
                0x00000d8c       0x40
 .text.Kernel_recv_msg
                0x00000d8c       0x40 ./out/Kernel.o
                0x00000d8c                Kernel_recv_msg

.text.Kernel_lock_mutex
                0x00000dcc       0x1c
 .text.Kernel_lock_mutex
                0x00000dcc       0x1c ./out/Kernel.o
                0x00000dcc                Kernel_lock_mutex

.text.Kernel_unlock_mutex
                0x00000de8       0x1c
 .text.Kernel_unlock_mutex
                0x00000de8       0x1c ./out/Kernel.o
                0x00000de8                Kernel_unlock_mutex

.text.Kernel_msgQ_init
                0x00000e04       0x54
 .text.Kernel_msgQ_init
                0x00000e04       0x54 ./out/msg.o
                0x00000e04                Kernel_msgQ_init

.text.Kernel_msgQ_is_empty
                0x00000e58       0x3c
 .text.Kernel_msgQ_is_empty
                0x00000e58       0x3c ./out/msg.o
                0x00000e58                Kernel_msgQ_is_empty

.text.Kernel_msgQ_is_full
                0x00000e94       0x44
 .text.Kernel_msgQ_is_full
                0x00000e94       0x44 ./out/msg.o
                0x00000e94                Kernel_msgQ_is_full

.text.Kernel_msgQ_enqueue
                0x00000ed8       0x60
 .text.Kernel_msgQ_enqueue
                0x00000ed8       0x60 ./out/msg.o
                0x00000ed8                Kernel_msgQ_enqueue

.text.Kernel_msgQ_dequeue
                0x00000f38       0x68
 .text.Kernel_msgQ_dequeue
                0x00000f38       0x68 ./out/msg.o
                0x00000f38                Kernel_msgQ_dequeue

.text.Kernel_msgQ_count
                0x00000fa0       0x24
 .text.Kernel_msgQ_count
                0x00000fa0       0x24 ./out/msg.o
                0x00000fa0                Kernel_msgQ_count

.text.Kernel_sem_init
                0x00000fc4       0x24
 .text.Kernel_sem_init
                0x00000fc4       0x24 ./out/synch.o
                0x00000fc4                Kernel_sem_init

.text.Kernel_mutex_init
                0x00000fe8       0x18
 .text.Kernel_mutex_init
                0x00000fe8       0x18 ./out/synch.o
                0x00000fe8                Kernel_mutex_init

.text.Kernel_mutex_lock
                0x00001000       0x24
 .text.Kernel_mutex_lock
                0x00001000       0x24 ./out/synch.o
                0x00001000                Kernel_mutex_lock

.text.Kernel_mutex_unlock
                0x00001024       0x20
 .text.Kernel_mutex_unlock
                0x00001024       0x20 ./out/synch.o
                0x00001024                Kernel_mutex_unlock

.text.Kernel_task_init
                0x00001044       0x74
 .text.Kernel_task_init
                0x00001044       0x74 ./out/task.o
                0x00001044                Kernel_task_init

.text.Kernel_task_start
                0x000010b8       0x28
 .text.Kernel_task_start
                0x000010b8       0x28 ./out/task.o
                0x000010b8                Kernel_task_start

.text.Kernel_task_create
                0x000010e0       0x60
 .text.Kernel_task_create
                0x000010e0       0x60 ./out/task.o
                0x000010e0                Kernel_task_create

.text.Kernel_task_get_current_task_id
                0x00001140       0x10
 .text.Kernel_task_get_current_task_id
                0x00001140       0x10 ./out/task.o
                0x00001140                Kernel_task_get_current_task_id

.text.Kernel_task_scheduler
                0x00001150       0x58
 .text.Kernel_task_scheduler
                0x00001150       0x58 ./out/task.o
                0x00001150                Kernel_task_scheduler

.rodata.Test_critical_section.str1.1
                0x000011a8       0x36
 .rodata.Test_critical_section.str1.1
                0x000011a8       0x36 ./out/Main.o

.rodata.User_task2.str1.1
                0x000011de       0x16
 .rodata.User_task2.str1.1
                0x000011de       0x16 ./out/Main.o

.rodata.User_task0.str1.1
                0x000011f4       0x84
 .rodata.User_task0.str1.1
                0x000011f4       0x84 ./out/Main.o

.rodata.User_task1.str1.1
                0x00001278       0x25
 .rodata.User_task1.str1.1
                0x00001278       0x25 ./out/Main.o

.rodata.main.str1.1
                0x0000129d       0xef
 .rodata.main.str1.1
                0x0000129d       0xef ./out/Main.o
                                 0xf3 (size before relaxing)

.rodata.vsprintf.str1.1
                0x0000138c        0x7
 .rodata.vsprintf.str1.1
                0x0000138c        0x7 ./out/stdio.o

.rel.dyn        0x00001394        0x0
 .rel.iplt      0x00001394        0x0 ./out/Entry.os

.data
 *(.data)

.igot.plt       0x00001394        0x0
 .igot.plt      0x00001394        0x0 ./out/Entry.os

.data.Timer     0x00001394        0x4
 .data.Timer    0x00001394        0x4 ./out/Regs.o
                0x00001394                Timer

.data.GicDist   0x00001398        0x4
 .data.GicDist  0x00001398        0x4 ./out/Regs.o
                0x00001398                GicDist

.data.GicCpu    0x0000139c        0x4
 .data.GicCpu   0x0000139c        0x4 ./out/Regs.o
                0x0000139c                GicCpu

.data.Uart      0x000013a0        0x4
 .data.Uart     0x000013a0        0x4 ./out/Regs.o
                0x000013a0                Uart

.bss
 *(.bss)
OUTPUT(./out/navilos.axf elf32-littlearm)
LOAD linker stubs

.bss.shared_value
                0x000013a4        0x4
 .bss.shared_value
                0x000013a4        0x4 ./out/Main.o

.bss.sHandlers  0x000013a8      0x3fc
 .bss.sHandlers
                0x000013a8      0x3fc ./out/Interrupt.o

.bss.sTick_accum
                0x000017a4        0x4
 .bss.sTick_accum
                0x000017a4        0x4 ./out/Timer.o

.bss.sInternal_1ms_counter
                0x000017a8        0x4
 .bss.sInternal_1ms_counter
                0x000017a8        0x4 ./out/Timer.o

.bss.sPrintf_buf
                0x000017ac      0x400
 .bss.sPrintf_buf
                0x000017ac      0x400 ./out/stdio.o

.bss.sEventFlag
                0x00001bac        0x4
 .bss.sEventFlag
                0x00001bac        0x4 ./out/event.o

.bss.sMsgQ      0x00001bb0      0x618
 .bss.sMsgQ     0x00001bb0      0x618 ./out/msg.o

.bss.sMutex     0x000021c8        0x8
 .bss.sMutex    0x000021c8        0x8 ./out/synch.o

.bss.sSem       0x000021d0        0x4
 .bss.sSem      0x000021d0        0x4 ./out/synch.o

.bss.sSemMax    0x000021d4        0x4
 .bss.sSemMax   0x000021d4        0x4 ./out/synch.o

.bss.sCurrent_tcb_index
                0x000021d8        0x4
 .bss.sCurrent_tcb_index
                0x000021d8        0x4 ./out/task.o

.bss.sAllocated_tcb_index
                0x000021dc        0x4
 .bss.sAllocated_tcb_index
                0x000021dc        0x4 ./out/task.o

.bss.sTask_list
                0x000021e0       0x30
 .bss.sTask_list
                0x000021e0       0x30 ./out/task.o

.bss.gNext_tcb  0x00002210        0x4
 .bss.gNext_tcb
                0x00002210        0x4 ./out/task.o
                0x00002210                gNext_tcb

.bss.gCurrent_tcb
                0x00002214        0x4
 .bss.gCurrent_tcb
                0x00002214        0x4 ./out/task.o
                0x00002214                gCurrent_tcb

.ARM.attributes
                0x00000000       0x2b
 .ARM.attributes
                0x00000000       0x1d ./out/Entry.os
 .ARM.attributes
                0x0000001d       0x2f ./out/Handler.o
 .ARM.attributes
                0x0000004c       0x2f ./out/Main.o
 .ARM.attributes
                0x0000007b       0x2f ./out/Interrupt.o
 .ARM.attributes
                0x000000aa       0x2f ./out/Regs.o
 .ARM.attributes
                0x000000d9       0x2f ./out/Timer.o
 .ARM.attributes
                0x00000108       0x2f ./out/Uart.o
 .ARM.attributes
                0x00000137       0x2f ./out/stdio.o
 .ARM.attributes
                0x00000166       0x2f ./out/stdlib.o
 .ARM.attributes
                0x00000195       0x2f ./out/armcpu.o
 .ARM.attributes
                0x000001c4       0x2f ./out/switch.o
 .ARM.attributes
                0x000001f3       0x2f ./out/event.o
 .ARM.attributes
                0x00000222       0x2f ./out/Kernel.o
 .ARM.attributes
                0x00000251       0x2f ./out/msg.o
 .ARM.attributes
                0x00000280       0x2f ./out/synch.o
 .ARM.attributes
                0x000002af       0x2f ./out/task.o
 .ARM.attributes
                0x000002de       0x1c /usr/lib/gcc/arm-none-eabi/13.2.1/libgcc.a(_udivsi3.o)
 .ARM.attributes
                0x000002fa       0x1c /usr/lib/gcc/arm-none-eabi/13.2.1/libgcc.a(_dvmd_tls.o)

.comment        0x00000000       0x26
 .comment       0x00000000       0x26 ./out/Handler.o
                                 0x27 (size before relaxing)
 .comment       0x00000026       0x27 ./out/Main.o
 .comment       0x00000026       0x27 ./out/Interrupt.o
 .comment       0x00000026       0x27 ./out/Regs.o
 .comment       0x00000026       0x27 ./out/Timer.o
 .comment       0x00000026       0x27 ./out/Uart.o
 .comment       0x00000026       0x27 ./out/stdio.o
 .comment       0x00000026       0x27 ./out/stdlib.o
 .comment       0x00000026       0x27 ./out/armcpu.o
 .comment       0x00000026       0x27 ./out/switch.o
 .comment       0x00000026       0x27 ./out/event.o
 .comment       0x00000026       0x27 ./out/Kernel.o
 .comment       0x00000026       0x27 ./out/msg.o
 .comment       0x00000026       0x27 ./out/synch.o
 .comment       0x00000026       0x27 ./out/task.o

.debug_line     0x00000000     0x1ae0
 .debug_line    0x00000000       0x7a ./out/Entry.os
 .debug_line    0x0000007a       0x8b ./out/Handler.o
 .debug_line    0x00000105      0x40f ./out/Main.o
 .debug_line    0x00000514      0x1d8 ./out/Interrupt.o
 .debug_line    0x000006ec       0x74 ./out/Regs.o
 .debug_line    0x00000760      0x1c8 ./out/Timer.o
 .debug_line    0x00000928      0x1f9 ./out/Uart.o
 .debug_line    0x00000b21      0x271 ./out/stdio.o
 .debug_line    0x00000d92       0xf1 ./out/stdlib.o
 .debug_line    0x00000e83       0xac ./out/armcpu.o
 .debug_line    0x00000f2f       0xa5 ./out/switch.o
 .debug_line    0x00000fd4       0xe0 ./out/event.o
 .debug_line    0x000010b4      0x349 ./out/Kernel.o
 .debug_line    0x000013fd      0x244 ./out/msg.o
 .debug_line    0x00001641      0x169 ./out/synch.o
 .debug_line    0x000017aa      0x285 ./out/task.o
 .debug_line    0x00001a2f       0x67 /usr/lib/gcc/arm-none-eabi/13.2.1/libgcc.a(_udivsi3.o)
 .debug_line    0x00001a96       0x4a /usr/lib/gcc/arm-none-eabi/13.2.1/libgcc.a(_dvmd_tls.o)

.debug_line_str
                0x00000000       0xb2
 .debug_line_str
                0x00000000       0xb2 ./out/Entry.os
                                 0x34 (size before relaxing)
 .debug_line_str
                0x000000b2       0x7e /usr/lib/gcc/arm-none-eabi/13.2.1/libgcc.a(_udivsi3.o)
 .debug_line_str
                0x000000b2       0x7e /usr/lib/gcc/arm-none-eabi/13.2.1/libgcc.a(_dvmd_tls.o)

.debug_info     0x00000000     0x505b
 .debug_info    0x00000000       0x25 ./out/Entry.os
 .debug_info    0x00000025       0x95 ./out/Handler.o
 .debug_info    0x000000ba     0x139e ./out/Main.o
 .debug_info    0x00001458      0x5fc ./out/Interrupt.o
 .debug_info    0x00001a54      0xfc5 ./out/Regs.o
 .debug_info    0x00002a19      0x41e ./out/Timer.o
 .debug_info    0x00002e37      0xbb1 ./out/Uart.o
 .debug_info    0x000039e8      0x348 ./out/stdio.o
 .debug_info    0x00003d30      0x1af ./out/stdlib.o
 .debug_info    0x00003edf       0x67 ./out/armcpu.o
 .debug_info    0x00003f46       0x9f ./out/switch.o
 .debug_info    0x00003fe5      0x234 ./out/event.o
 .debug_info    0x00004219      0x64e ./out/Kernel.o
 .debug_info    0x00004867      0x364 ./out/msg.o
 .debug_info    0x00004bcb      0x196 ./out/synch.o
 .debug_info    0x00004d61      0x280 ./out/task.o
 .debug_info    0x00004fe1       0x3e /usr/lib/gcc/arm-none-eabi/13.2.1/libgcc.a(_udivsi3.o)
 .debug_info    0x0000501f       0x3c /usr/lib/gcc/arm-none-eabi/13.2.1/libgcc.a(_dvmd_tls.o)

.debug_abbrev   0x00000000     0x169e
 .debug_abbrev  0x00000000       0x14 ./out/Entry.os
 .debug_abbrev  0x00000014       0x78 ./out/Handler.o
 .debug_abbrev  0x0000008c      0x355 ./out/Main.o
 .debug_abbrev  0x000003e1      0x210 ./out/Interrupt.o
 .debug_abbrev  0x000005f1      0x122 ./out/Regs.o
 .debug_abbrev  0x00000713      0x1cb ./out/Timer.o
 .debug_abbrev  0x000008de      0x24b ./out/Uart.o
 .debug_abbrev  0x00000b29      0x1bd ./out/stdio.o
 .debug_abbrev  0x00000ce6      0x13e ./out/stdlib.o
 .debug_abbrev  0x00000e24       0x2f ./out/armcpu.o
 .debug_abbrev  0x00000e53       0x45 ./out/switch.o
 .debug_abbrev  0x00000e98      0x106 ./out/event.o
 .debug_abbrev  0x00000f9e      0x1eb ./out/Kernel.o
 .debug_abbrev  0x00001189      0x1e5 ./out/msg.o
 .debug_abbrev  0x0000136e      0x106 ./out/synch.o
 .debug_abbrev  0x00001474      0x1dc ./out/task.o
 .debug_abbrev  0x00001650       0x28 /usr/lib/gcc/arm-none-eabi/13.2.1/libgcc.a(_udivsi3.o)
 .debug_abbrev  0x00001678       0x26 /usr/lib/gcc/arm-none-eabi/13.2.1/libgcc.a(_dvmd_tls.o)

.debug_aranges  0x00000000      0x3d8
 .debug_aranges
                0x00000000       0x20 ./out/Entry.os
 .debug_aranges
                0x00000020       0x28 ./out/Handler.o
 .debug_aranges
                0x00000048       0x40 ./out/Main.o
 .debug_aranges
                0x00000088       0x40 ./out/Interrupt.o
 .debug_aranges
                0x000000c8       0x18 ./out/Regs.o
 .debug_aranges
                0x000000e0       0x30 ./out/Timer.o
 .debug_aranges
                0x00000110       0x38 ./out/Uart.o
 .debug_aranges
                0x00000148       0x38 ./out/stdio.o
 .debug_aranges
                0x00000180       0x30 ./out/stdlib.o
 .debug_aranges
                0x000001b0       0x38 ./out/armcpu.o
 .debug_aranges
                0x000001e8       0x38 ./out/switch.o
 .debug_aranges
                0x00000220       0x38 ./out/event.o
 .debug_aranges
                0x00000258       0x70 ./out/Kernel.o
 .debug_aranges
                0x000002c8       0x48 ./out/msg.o
 .debug_aranges
                0x00000310       0x48 ./out/synch.o
 .debug_aranges
                0x00000358       0x40 ./out/task.o
 .debug_aranges
                0x00000398       0x20 /usr/lib/gcc/arm-none-eabi/13.2.1/libgcc.a(_udivsi3.o)
 .debug_aranges
                0x000003b8       0x20 /usr/lib/gcc/arm-none-eabi/13.2.1/libgcc.a(_dvmd_tls.o)

.debug_str      0x00000000     0x1355
 .debug_str     0x00000000     0x1355 ./out/Entry.os
                                 0x40 (size before relaxing)
 .debug_str     0x00001355      0x155 ./out/Handler.o
 .debug_str     0x00001355      0xa7a ./out/Main.o
 .debug_str     0x00001355      0x3fd ./out/Interrupt.o
 .debug_str     0x00001355      0x6cb ./out/Regs.o
 .debug_str     0x00001355      0x654 ./out/Timer.o
 .debug_str     0x00001355      0x895 ./out/Uart.o
 .debug_str     0x00001355      0x1d0 ./out/stdio.o
 .debug_str     0x00001355      0x17d ./out/stdlib.o
 .debug_str     0x00001355       0xea ./out/armcpu.o
 .debug_str     0x00001355      0x16e ./out/switch.o
 .debug_str     0x00001355      0x50a ./out/event.o
 .debug_str     0x00001355      0x70f ./out/Kernel.o
 .debug_str     0x00001355      0x235 ./out/msg.o
 .debug_str     0x00001355      0x1cd ./out/synch.o
 .debug_str     0x00001355      0x289 ./out/task.o
 .debug_str     0x00001355       0xa5 /usr/lib/gcc/arm-none-eabi/13.2.1/libgcc.a(_udivsi3.o)
 .debug_str     0x00001355       0xa6 /usr/lib/gcc/arm-none-eabi/13.2.1/libgcc.a(_dvmd_tls.o)

.debug_rnglists
                0x00000000      0x338
 .debug_rnglists
                0x00000000       0x19 ./out/Handler.o
 .debug_rnglists
                0x00000019       0x73 ./out/Main.o
 .debug_rnglists
                0x0000008c       0x3a ./out/Interrupt.o
 .debug_rnglists
                0x000000c6       0x20 ./out/Timer.o
 .debug_rnglists
                0x000000e6       0x25 ./out/Uart.o
 .debug_rnglists
                0x0000010b       0x48 ./out/stdio.o
 .debug_rnglists
                0x00000153       0x1f ./out/stdlib.o
 .debug_rnglists
                0x00000172       0x25 ./out/armcpu.o
 .debug_rnglists
                0x00000197       0x25 ./out/switch.o
 .debug_rnglists
                0x000001bc       0x25 ./out/event.o
 .debug_rnglists
                0x000001e1       0xa0 ./out/Kernel.o
 .debug_rnglists
                0x00000281       0x40 ./out/msg.o
 .debug_rnglists
                0x000002c1       0x31 ./out/synch.o
 .debug_rnglists
                0x000002f2       0x46 ./out/task.o

.debug_frame    0x00000000      0x708
 .debug_frame   0x00000000       0x40 ./out/Handler.o
 .debug_frame   0x00000040       0xa4 ./out/Main.o
 .debug_frame   0x000000e4       0x78 ./out/Interrupt.o
 .debug_frame   0x0000015c       0x58 ./out/Timer.o
 .debug_frame   0x000001b4       0x68 ./out/Uart.o
 .debug_frame   0x0000021c       0xac ./out/stdio.o
 .debug_frame   0x000002c8       0x48 ./out/stdlib.o
 .debug_frame   0x00000310       0x50 ./out/armcpu.o
 .debug_frame   0x00000360       0x50 ./out/switch.o
 .debug_frame   0x000003b0       0x5c ./out/event.o
 .debug_frame   0x0000040c      0x130 ./out/Kernel.o
 .debug_frame   0x0000053c       0xb8 ./out/msg.o
 .debug_frame   0x000005f4       0x70 ./out/synch.o
 .debug_frame   0x00000664       0x84 ./out/task.o
 .debug_frame   0x000006e8       0x20 /usr/lib/gcc/arm-none-eabi/13.2.1/libgcc.a(_udivsi3.o)

.debug_loclists
                0x00000000      0xa24
 .debug_loclists
                0x00000000      0x124 ./out/Main.o
 .debug_loclists
                0x00000124       0x5a ./out/Interrupt.o
 .debug_loclists
                0x0000017e       0x17 ./out/Uart.o
 .debug_loclists
                0x00000195      0x2a7 ./out/stdio.o
 .debug_loclists
                0x0000043c       0xda ./out/stdlib.o
 .debug_loclists
                0x00000516       0x40 ./out/event.o
 .debug_loclists
                0x00000556      0x1fd ./out/Kernel.o
 .debug_loclists
                0x00000753      0x181 ./out/msg.o
 .debug_loclists
                0x000008d4       0x63 ./out/synch.o
 .debug_loclists
                0x00000937       0xed ./out/task.o
