Archive member included to satisfy reference by file (symbol)

/usr/lib/gcc/arm-none-eabi/13.2.1/libgcc.a(_udivsi3.o)
                              ./out/stdio.o (__aeabi_uidivmod)
/usr/lib/gcc/arm-none-eabi/13.2.1/libgcc.a(_dvmd_tls.o)
                              /usr/lib/gcc/arm-none-eabi/13.2.1/libgcc.a(_udivsi3.o) (__aeabi_idiv0)

Discarded input sections

 .data          0x00000000        0x0 ./out/Entry.os
 .bss           0x00000000        0x0 ./out/Entry.os
 .text          0x00000000        0x0 ./out/Handler.o
 .data          0x00000000        0x0 ./out/Handler.o
 .bss           0x00000000        0x0 ./out/Handler.o
 .text          0x00000000        0x0 ./out/Main.o
 .data          0x00000000        0x0 ./out/Main.o
 .bss           0x00000000        0x0 ./out/Main.o
 .text          0x00000000        0x0 ./out/Interrupt.o
 .data          0x00000000        0x0 ./out/Interrupt.o
 .bss           0x00000000        0x0 ./out/Interrupt.o
 .text.Hal_interrupt_disable
                0x00000000       0x40 ./out/Interrupt.o
 .text          0x00000000        0x0 ./out/Regs.o
 .data          0x00000000        0x0 ./out/Regs.o
 .bss           0x00000000        0x0 ./out/Regs.o
 .text          0x00000000        0x0 ./out/Timer.o
 .data          0x00000000        0x0 ./out/Timer.o
 .bss           0x00000000        0x0 ./out/Timer.o
 .text          0x00000000        0x0 ./out/Uart.o
 .data          0x00000000        0x0 ./out/Uart.o
 .bss           0x00000000        0x0 ./out/Uart.o
 .text          0x00000000        0x0 ./out/stdio.o
 .data          0x00000000        0x0 ./out/stdio.o
 .bss           0x00000000        0x0 ./out/stdio.o
 .text.Lcd_console_putc
                0x00000000        0x4 ./out/stdio.o
 .text          0x00000000        0x0 ./out/stdlib.o
 .data          0x00000000        0x0 ./out/stdlib.o
 .bss           0x00000000        0x0 ./out/stdlib.o
 .text          0x00000000        0x0 ./out/armcpu.o
 .data          0x00000000        0x0 ./out/armcpu.o
 .bss           0x00000000        0x0 ./out/armcpu.o
 .text.enable_fiq
                0x00000000       0x18 ./out/armcpu.o
 .text.disable_fiq
                0x00000000       0x18 ./out/armcpu.o
 .text          0x00000000        0x0 ./out/switch.o
 .data          0x00000000        0x0 ./out/switch.o
 .bss           0x00000000        0x0 ./out/switch.o
 .text          0x00000000        0x0 ./out/event.o
 .data          0x00000000        0x0 ./out/event.o
 .bss           0x00000000        0x0 ./out/event.o
 .text          0x00000000        0x0 ./out/Kernel.o
 .data          0x00000000        0x0 ./out/Kernel.o
 .bss           0x00000000        0x0 ./out/Kernel.o
 .text.Kernel_flush_msg
                0x00000000       0x2c ./out/Kernel.o
 .text.Kernel_lock_sem
                0x00000000       0x18 ./out/Kernel.o
 .text.Kernel_unlock_sem
                0x00000000        0x4 ./out/Kernel.o
 .text          0x00000000        0x0 ./out/msg.o
 .data          0x00000000        0x0 ./out/msg.o
 .bss           0x00000000        0x0 ./out/msg.o
 .text          0x00000000        0x0 ./out/synch.o
 .data          0x00000000        0x0 ./out/synch.o
 .bss           0x00000000        0x0 ./out/synch.o
 .text.Kernel_sem_test
                0x00000000       0x24 ./out/synch.o
 .text.Kernel_sem_release
                0x00000000       0x2c ./out/synch.o
 .text          0x00000000        0x0 ./out/task.o
 .data          0x00000000        0x0 ./out/task.o
 .bss           0x00000000        0x0 ./out/task.o
 .data          0x00000000        0x0 /usr/lib/gcc/arm-none-eabi/13.2.1/libgcc.a(_udivsi3.o)
 .bss           0x00000000        0x0 /usr/lib/gcc/arm-none-eabi/13.2.1/libgcc.a(_udivsi3.o)
 .data          0x00000000        0x0 /usr/lib/gcc/arm-none-eabi/13.2.1/libgcc.a(_dvmd_tls.o)
 .bss           0x00000000        0x0 /usr/lib/gcc/arm-none-eabi/13.2.1/libgcc.a(_dvmd_tls.o)

Memory Configuration

Name             Origin             Length             Attributes
*default*        0x00000000         0xffffffff

Linker script and memory map

LOAD ./out/Entry.os
LOAD ./out/Handler.o
LOAD ./out/Main.o
LOAD ./out/Interrupt.o
LOAD ./out/Regs.o
LOAD ./out/Timer.o
LOAD ./out/Uart.o
LOAD ./out/stdio.o
LOAD ./out/stdlib.o
LOAD ./out/armcpu.o
LOAD ./out/switch.o
LOAD ./out/event.o
LOAD ./out/Kernel.o
LOAD ./out/msg.o
LOAD ./out/synch.o
LOAD ./out/task.o
LOAD /usr/lib/gcc/arm-none-eabi/13.2.1/libgcc.a
                0x00000000                        . = 0x0

.text           0x00000000      0x1ec
 *(vector_start)
 *(.text .rodata)
 .text          0x00000000       0xd4 ./out/Entry.os
                0x00000000                vector_start
                0x0000003c                vector_end
 .text          0x000000d4      0x114 /usr/lib/gcc/arm-none-eabi/13.2.1/libgcc.a(_udivsi3.o)
                0x000000d4                __udivsi3
                0x000000d4                __aeabi_uidiv
                0x000001c8                __aeabi_uidivmod
 .text          0x000001e8        0x4 /usr/lib/gcc/arm-none-eabi/13.2.1/libgcc.a(_dvmd_tls.o)
                0x000001e8                __aeabi_ldiv0
                0x000001e8                __aeabi_idiv0

.glue_7         0x000001ec        0x0
 .glue_7        0x000001ec        0x0 linker stubs

.glue_7t        0x000001ec        0x0
 .glue_7t       0x000001ec        0x0 linker stubs

.vfp11_veneer   0x000001ec        0x0
 .vfp11_veneer  0x000001ec        0x0 linker stubs

.v4_bx          0x000001ec        0x0
 .v4_bx         0x000001ec        0x0 linker stubs

.iplt           0x000001ec        0x0
 .iplt          0x000001ec        0x0 ./out/Entry.os

.text.Irq_Handler
                0x000001ec       0x10
 .text.Irq_Handler
                0x000001ec       0x10 ./out/Handler.o
                0x000001ec                Irq_Handler

.text.Fiq_Handler
                0x000001fc        0x4
 .text.Fiq_Handler
                0x000001fc        0x4 ./out/Handler.o
                0x000001fc                Fiq_Handler

.text.Test_critical_section
                0x00000200       0x58
 .text.Test_critical_section
                0x00000200       0x58 ./out/Main.o

.text.User_task2
                0x00000258       0x30
 .text.User_task2
                0x00000258       0x30 ./out/Main.o
                0x00000258                User_task2

.text.User_task0
                0x00000288      0x1ac
 .text.User_task0
                0x00000288      0x1ac ./out/Main.o
                0x00000288                User_task0

.text.User_task1
                0x00000434       0x8c
 .text.User_task1
                0x00000434       0x8c ./out/Main.o
                0x00000434                User_task1

.text.Lcd_scroll.part.0
                0x000004c0       0x18
 .text.Lcd_scroll.part.0
                0x000004c0       0x18 ./out/Main.o

.text.Lcd_console_putc
                0x000004d8       0xe4
 .text.Lcd_console_putc
                0x000004d8       0xe4 ./out/Main.o
                0x000004d8                Lcd_console_putc

.text.startup.main
                0x000005bc      0x1e0
 .text.startup.main
                0x000005bc      0x1e0 ./out/Main.o
                0x000005bc                main

.text.Hal_interrupt_init
                0x0000079c       0x5c
 .text.Hal_interrupt_init
                0x0000079c       0x5c ./out/Interrupt.o
                0x0000079c                Hal_interrupt_init

.text.Hal_interrupt_enable
                0x000007f8       0x40
 .text.Hal_interrupt_enable
                0x000007f8       0x40 ./out/Interrupt.o
                0x000007f8                Hal_interrupt_enable

.text.Hal_interrupt_register_handler
                0x00000838       0x10
 .text.Hal_interrupt_register_handler
                0x00000838       0x10 ./out/Interrupt.o
                0x00000838                Hal_interrupt_register_handler

.text.Hal_interrupt_run_handler
                0x00000848       0x44
 .text.Hal_interrupt_run_handler
                0x00000848       0x44 ./out/Interrupt.o
                0x00000848                Hal_interrupt_run_handler

.text.interrupt_handler
                0x0000088c       0xe0
 .text.interrupt_handler
                0x0000088c       0x70 ./out/Timer.o
 .text.interrupt_handler
                0x000008fc       0x70 ./out/Uart.o

.text.Hal_timer_init
                0x0000096c       0xe0
 .text.Hal_timer_init
                0x0000096c       0xe0 ./out/Timer.o
                0x0000096c                Hal_timer_init

.text.Hal_timer_get_1ms_counter
                0x00000a4c       0x10
 .text.Hal_timer_get_1ms_counter
                0x00000a4c       0x10 ./out/Timer.o
                0x00000a4c                Hal_timer_get_1ms_counter

.text.Hal_uart_init
                0x00000a5c       0x68
 .text.Hal_uart_init
                0x00000a5c       0x68 ./out/Uart.o
                0x00000a5c                Hal_uart_init

.text.Hal_uart_put_char
                0x00000ac4       0x20
 .text.Hal_uart_put_char
                0x00000ac4       0x20 ./out/Uart.o
                0x00000ac4                Hal_uart_put_char

.text.Hal_uart_get_char
                0x00000ae4       0x34
 .text.Hal_uart_get_char
                0x00000ae4       0x34 ./out/Uart.o
                0x00000ae4                Hal_uart_get_char

.text.putstr    0x00000b18       0x38
 .text.putstr   0x00000b18       0x38 ./out/stdio.o
                0x00000b18                putstr

.text.utoa      0x00000b50       0x7c
 .text.utoa     0x00000b50       0x7c ./out/stdio.o
                0x00000b50                utoa

.text.vsprintf  0x00000bcc       0xe4
 .text.vsprintf
                0x00000bcc       0xe4 ./out/stdio.o
                0x00000bcc                vsprintf

.text.debug_printf
                0x00000cb0       0x3c
 .text.debug_printf
                0x00000cb0       0x3c ./out/stdio.o
                0x00000cb0                debug_printf

.text.memset    0x00000cec       0x18
 .text.memset   0x00000cec       0x18 ./out/stdlib.o
                0x00000cec                memset

.text.delay     0x00000d04       0x20
 .text.delay    0x00000d04       0x20 ./out/stdlib.o
                0x00000d04                delay

.text.memclr    0x00000d24        0xc
 .text.memclr   0x00000d24        0xc ./out/stdlib.o
                0x00000d24                memclr

.text.enable_irq
                0x00000d30       0x18
 .text.enable_irq
                0x00000d30       0x18 ./out/armcpu.o
                0x00000d30                enable_irq

.text.disable_irq
                0x00000d48       0x18
 .text.disable_irq
                0x00000d48       0x18 ./out/armcpu.o
                0x00000d48                disable_irq

.text.Arch_start
                0x00000d60        0x4
 .text.Arch_start
                0x00000d60        0x4 ./out/switch.o
                0x00000d60                Arch_start

.text.Arch_context_switching
                0x00000d64        0x8
 .text.Arch_context_switching
                0x00000d64        0x8 ./out/switch.o
                0x00000d64                Arch_context_switching

.text.Arch_Save_context
                0x00000d6c       0x20
 .text.Arch_Save_context
                0x00000d6c       0x20 ./out/switch.o
                0x00000d6c                Arch_Save_context

.text.Arch_Restore_context
                0x00000d8c       0x20
 .text.Arch_Restore_context
                0x00000d8c       0x20 ./out/switch.o
                0x00000d8c                Arch_Restore_context

.text.Kernel_event_flag_init
                0x00000dac       0x14
 .text.Kernel_event_flag_init
                0x00000dac       0x14 ./out/event.o
                0x00000dac                Kernel_event_flag_init

.text.Kernel_event_flag_set
                0x00000dc0       0x18
 .text.Kernel_event_flag_set
                0x00000dc0       0x18 ./out/event.o
                0x00000dc0                Kernel_event_flag_set

.text.Kernel_event_flag_clear
                0x00000dd8       0x18
 .text.Kernel_event_flag_clear
                0x00000dd8       0x18 ./out/event.o
                0x00000dd8                Kernel_event_flag_clear

.text.Kernel_event_flag_check
                0x00000df0       0x2c
 .text.Kernel_event_flag_check
                0x00000df0       0x2c ./out/event.o
                0x00000df0                Kernel_event_flag_check

.text.Kernel_start
                0x00000e1c       0x10
 .text.Kernel_start
                0x00000e1c       0x10 ./out/Kernel.o
                0x00000e1c                Kernel_start

.text.Kernel_yield
                0x00000e2c        0x4
 .text.Kernel_yield
                0x00000e2c        0x4 ./out/Kernel.o
                0x00000e2c                Kernel_yield

.text.Kernel_send_events
                0x00000e30       0x3c
 .text.Kernel_send_events
                0x00000e30       0x3c ./out/Kernel.o
                0x00000e30                Kernel_send_events

.text.Kernel_wait_events
                0x00000e6c       0x4c
 .text.Kernel_wait_events
                0x00000e6c       0x4c ./out/Kernel.o
                0x00000e6c                Kernel_wait_events

.text.Kernel_send_msg
                0x00000eb8       0x50
 .text.Kernel_send_msg
                0x00000eb8       0x50 ./out/Kernel.o
                0x00000eb8                Kernel_send_msg

.text.Kernel_recv_msg
                0x00000f08       0x40
 .text.Kernel_recv_msg
                0x00000f08       0x40 ./out/Kernel.o
                0x00000f08                Kernel_recv_msg

.text.Kernel_lock_mutex
                0x00000f48       0x1c
 .text.Kernel_lock_mutex
                0x00000f48       0x1c ./out/Kernel.o
                0x00000f48                Kernel_lock_mutex

.text.Kernel_unlock_mutex
                0x00000f64       0x1c
 .text.Kernel_unlock_mutex
                0x00000f64       0x1c ./out/Kernel.o
                0x00000f64                Kernel_unlock_mutex

.text.Kernel_msgQ_init
                0x00000f80       0x54
 .text.Kernel_msgQ_init
                0x00000f80       0x54 ./out/msg.o
                0x00000f80                Kernel_msgQ_init

.text.Kernel_msgQ_is_empty
                0x00000fd4       0x3c
 .text.Kernel_msgQ_is_empty
                0x00000fd4       0x3c ./out/msg.o
                0x00000fd4                Kernel_msgQ_is_empty

.text.Kernel_msgQ_is_full
                0x00001010       0x44
 .text.Kernel_msgQ_is_full
                0x00001010       0x44 ./out/msg.o
                0x00001010                Kernel_msgQ_is_full

.text.Kernel_msgQ_enqueue
                0x00001054       0x60
 .text.Kernel_msgQ_enqueue
                0x00001054       0x60 ./out/msg.o
                0x00001054                Kernel_msgQ_enqueue

.text.Kernel_msgQ_dequeue
                0x000010b4       0x68
 .text.Kernel_msgQ_dequeue
                0x000010b4       0x68 ./out/msg.o
                0x000010b4                Kernel_msgQ_dequeue

.text.Kernel_msgQ_count
                0x0000111c       0x24
 .text.Kernel_msgQ_count
                0x0000111c       0x24 ./out/msg.o
                0x0000111c                Kernel_msgQ_count

.text.Kernel_sem_init
                0x00001140       0x24
 .text.Kernel_sem_init
                0x00001140       0x24 ./out/synch.o
                0x00001140                Kernel_sem_init

.text.Kernel_mutex_init
                0x00001164       0x18
 .text.Kernel_mutex_init
                0x00001164       0x18 ./out/synch.o
                0x00001164                Kernel_mutex_init

.text.Kernel_mutex_lock
                0x0000117c       0x24
 .text.Kernel_mutex_lock
                0x0000117c       0x24 ./out/synch.o
                0x0000117c                Kernel_mutex_lock

.text.Kernel_mutex_unlock
                0x000011a0       0x20
 .text.Kernel_mutex_unlock
                0x000011a0       0x20 ./out/synch.o
                0x000011a0                Kernel_mutex_unlock

.text.Kernel_task_init
                0x000011c0       0x74
 .text.Kernel_task_init
                0x000011c0       0x74 ./out/task.o
                0x000011c0                Kernel_task_init

.text.Kernel_task_start
                0x00001234       0x28
 .text.Kernel_task_start
                0x00001234       0x28 ./out/task.o
                0x00001234                Kernel_task_start

.text.Kernel_task_create
                0x0000125c       0x60
 .text.Kernel_task_create
                0x0000125c       0x60 ./out/task.o
                0x0000125c                Kernel_task_create

.text.Kernel_task_get_current_task_id
                0x000012bc       0x10
 .text.Kernel_task_get_current_task_id
                0x000012bc       0x10 ./out/task.o
                0x000012bc                Kernel_task_get_current_task_id

.text.Kernel_task_scheduler
                0x000012cc       0x58
 .text.Kernel_task_scheduler
                0x000012cc       0x58 ./out/task.o
                0x000012cc                Kernel_task_scheduler

.rodata.Test_critical_section.str1.1
                0x00001324       0x36
 .rodata.Test_critical_section.str1.1
                0x00001324       0x36 ./out/Main.o

.rodata.User_task2.str1.1
                0x0000135a       0x16
 .rodata.User_task2.str1.1
                0x0000135a       0x16 ./out/Main.o

.rodata.User_task0.str1.1
                0x00001370       0x84
 .rodata.User_task0.str1.1
                0x00001370       0x84 ./out/Main.o

.rodata.User_task1.str1.1
                0x000013f4       0x25
 .rodata.User_task1.str1.1
                0x000013f4       0x25 ./out/Main.o

.rodata.main.str1.1
                0x00001419       0xef
 .rodata.main.str1.1
                0x00001419       0xef ./out/Main.o
                                 0xf3 (size before relaxing)

.rodata.font8x8_basic
                0x00001508      0x300
 .rodata.font8x8_basic
                0x00001508      0x300 ./out/Main.o

.rodata.vsprintf.str1.1
                0x00001808        0x7
 .rodata.vsprintf.str1.1
                0x00001808        0x7 ./out/stdio.o

.rel.dyn        0x00001810        0x0
 .rel.iplt      0x00001810        0x0 ./out/Entry.os

.data
 *(.data)

.igot.plt       0x00001810        0x0
 .igot.plt      0x00001810        0x0 ./out/Entry.os

.data.Timer     0x00001810        0x4
 .data.Timer    0x00001810        0x4 ./out/Regs.o
                0x00001810                Timer

.data.GicDist   0x00001814        0x4
 .data.GicDist  0x00001814        0x4 ./out/Regs.o
                0x00001814                GicDist

.data.GicCpu    0x00001818        0x4
 .data.GicCpu   0x00001818        0x4 ./out/Regs.o
                0x00001818                GicCpu

.data.Uart      0x0000181c        0x4
 .data.Uart     0x0000181c        0x4 ./out/Regs.o
                0x0000181c                Uart

.bss
 *(.bss)
 *(COMMON)

.bss.shared_value
                0x00001820        0x4
 .bss.shared_value
                0x00001820        0x4 ./out/Main.o

.bss.lcd_console_col
                0x00001824        0x4
 .bss.lcd_console_col
                0x00001824        0x4 ./out/Main.o

.bss.lcd_console_row
                0x00001828        0x4
 .bss.lcd_console_row
                0x00001828        0x4 ./out/Main.o

.bss.sHandlers  0x0000182c      0x3fc
 .bss.sHandlers
                0x0000182c      0x3fc ./out/Interrupt.o

.bss.sTick_accum
                0x00001c28        0x4
 .bss.sTick_accum
                0x00001c28        0x4 ./out/Timer.o

.bss.sInternal_1ms_counter
                0x00001c2c        0x4
 .bss.sInternal_1ms_counter
                0x00001c2c        0x4 ./out/Timer.o

.bss.sPrintf_buf
                0x00001c30      0x400
 .bss.sPrintf_buf
                0x00001c30      0x400 ./out/stdio.o

.bss.sEventFlag
                0x00002030        0x4
 .bss.sEventFlag
                0x00002030        0x4 ./out/event.o

.bss.sMsgQ      0x00002034      0x618
 .bss.sMsgQ     0x00002034      0x618 ./out/msg.o

.bss.sMutex     0x0000264c        0x8
 .bss.sMutex    0x0000264c        0x8 ./out/synch.o

.bss.sSem       0x00002654        0x4
 .bss.sSem      0x00002654        0x4 ./out/synch.o

.bss.sSemMax    0x00002658        0x4
 .bss.sSemMax   0x00002658        0x4 ./out/synch.o

.bss.sCurrent_tcb_index
                0x0000265c        0x4
 .bss.sCurrent_tcb_index
                0x0000265c        0x4 ./out/task.o

.bss.sAllocated_tcb_index
                0x00002660        0x4
 .bss.sAllocated_tcb_index
                0x00002660        0x4 ./out/task.o

.bss.sTask_list
                0x00002664       0x30
 .bss.sTask_list
                0x00002664       0x30 ./out/task.o

.bss.gNext_tcb  0x00002694        0x4
 .bss.gNext_tcb
                0x00002694        0x4 ./out/task.o
                0x00002694                gNext_tcb

.bss.gCurrent_tcb
                0x00002698        0x4
 .bss.gCurrent_tcb
                0x00002698        0x4 ./out/task.o
                0x00002698                gCurrent_tcb
                0x00040000                        . = 0x40000

.fb             0x00040000    0x96000
 *(.fb)
 .fb            0x00040000    0x96000 ./out/Main.o
OUTPUT(./out/navilos.axf elf32-littlearm)
LOAD linker stubs

.ARM.attributes
                0x00000000       0x2b
 .ARM.attributes
                0x00000000       0x1d ./out/Entry.os
 .ARM.attributes
                0x0000001d       0x2f ./out/Handler.o
 .ARM.attributes
                0x0000004c       0x2f ./out/Main.o
 .ARM.attributes
                0x0000007b       0x2f ./out/Interrupt.o
 .ARM.attributes
                0x000000aa       0x2f ./out/Regs.o
 .ARM.attributes
                0x000000d9       0x2f ./out/Timer.o
 .ARM.attributes
                0x00000108       0x2f ./out/Uart.o
 .ARM.attributes
                0x00000137       0x2f ./out/stdio.o
 .ARM.attributes
                0x00000166       0x2f ./out/stdlib.o
 .ARM.attributes
                0x00000195       0x2f ./out/armcpu.o
 .ARM.attributes
                0x000001c4       0x2f ./out/switch.o
 .ARM.attributes
                0x000001f3       0x2f ./out/event.o
 .ARM.attributes
                0x00000222       0x2f ./out/Kernel.o
 .ARM.attributes
                0x00000251       0x2f ./out/msg.o
 .ARM.attributes
                0x00000280       0x2f ./out/synch.o
 .ARM.attributes
                0x000002af       0x2f ./out/task.o
 .ARM.attributes
                0x000002de       0x1c /usr/lib/gcc/arm-none-eabi/13.2.1/libgcc.a(_udivsi3.o)
 .ARM.attributes
                0x000002fa       0x1c /usr/lib/gcc/arm-none-eabi/13.2.1/libgcc.a(_dvmd_tls.o)

.comment        0x00000000       0x26
 .comment       0x00000000       0x26 ./out/Handler.o
                                 0x27 (size before relaxing)
 .comment       0x00000026       0x27 ./out/Main.o
 .comment       0x00000026       0x27 ./out/Interrupt.o
 .comment       0x00000026       0x27 ./out/Regs.o
 .comment       0x00000026       0x27 ./out/Timer.o
 .comment       0x00000026       0x27 ./out/Uart.o
 .comment       0x00000026       0x27 ./out/stdio.o
 .comment       0x00000026       0x27 ./out/stdlib.o
 .comment       0x00000026       0x27 ./out/armcpu.o
 .comment       0x00000026       0x27 ./out/switch.o
 .comment       0x00000026       0x27 ./out/event.o
 .comment       0x00000026       0x27 ./out/Kernel.o
 .comment       0x00000026       0x27 ./out/msg.o
 .comment       0x00000026       0x27 ./out/synch.o
 .comment       0x00000026       0x27 ./out/task.o

.debug_line     0x00000000     0x1d0d
 .debug_line    0x00000000       0x7a ./out/Entry.os
 .debug_line    0x0000007a       0x8b ./out/Handler.o
 .debug_line    0x00000105      0x620 ./out/Main.o
 .debug_line    0x00000725      0x1d8 ./out/Interrupt.o
 .debug_line    0x000008fd       0x74 ./out/Regs.o
 .debug_line    0x00000971      0x1c8 ./out/Timer.o
 .debug_line    0x00000b39      0x1f9 ./out/Uart.o
 .debug_line    0x00000d32      0x28d ./out/stdio.o
 .debug_line    0x00000fbf       0xf1 ./out/stdlib.o
 .debug_line    0x000010b0       0xac ./out/armcpu.o
 .debug_line    0x0000115c       0xa5 ./out/switch.o
 .debug_line    0x00001201       0xe0 ./out/event.o
 .debug_line    0x000012e1      0x349 ./out/Kernel.o
 .debug_line    0x0000162a      0x244 ./out/msg.o
 .debug_line    0x0000186e      0x169 ./out/synch.o
 .debug_line    0x000019d7      0x285 ./out/task.o
 .debug_line    0x00001c5c       0x67 /usr/lib/gcc/arm-none-eabi/13.2.1/libgcc.a(_udivsi3.o)
 .debug_line    0x00001cc3       0x4a /usr/lib/gcc/arm-none-eabi/13.2.1/libgcc.a(_dvmd_tls.o)

.debug_line_str
                0x00000000       0xb2
 .debug_line_str
                0x00000000       0xb2 ./out/Entry.os
                                 0x34 (size before relaxing)
 .debug_line_str
                0x000000b2       0x7e /usr/lib/gcc/arm-none-eabi/13.2.1/libgcc.a(_udivsi3.o)
 .debug_line_str
                0x000000b2       0x7e /usr/lib/gcc/arm-none-eabi/13.2.1/libgcc.a(_dvmd_tls.o)

.debug_info     0x00000000     0x544e
 .debug_info    0x00000000       0x25 ./out/Entry.os
 .debug_info    0x00000025       0x95 ./out/Handler.o
 .debug_info    0x000000ba     0x1736 ./out/Main.o
 .debug_info    0x000017f0      0x5fc ./out/Interrupt.o
 .debug_info    0x00001dec      0xfc5 ./out/Regs.o
 .debug_info    0x00002db1      0x41e ./out/Timer.o
 .debug_info    0x000031cf      0xbb1 ./out/Uart.o
 .debug_info    0x00003d80      0x3a3 ./out/stdio.o
 .debug_info    0x00004123      0x1af ./out/stdlib.o
 .debug_info    0x000042d2       0x67 ./out/armcpu.o
 .debug_info    0x00004339       0x9f ./out/switch.o
 .debug_info    0x000043d8      0x234 ./out/event.o
 .debug_info    0x0000460c      0x64e ./out/Kernel.o
 .debug_info    0x00004c5a      0x364 ./out/msg.o
 .debug_info    0x00004fbe      0x196 ./out/synch.o
 .debug_info    0x00005154      0x280 ./out/task.o
 .debug_info    0x000053d4       0x3e /usr/lib/gcc/arm-none-eabi/13.2.1/libgcc.a(_udivsi3.o)
 .debug_info    0x00005412       0x3c /usr/lib/gcc/arm-none-eabi/13.2.1/libgcc.a(_dvmd_tls.o)

.debug_abbrev   0x00000000     0x1818
 .debug_abbrev  0x00000000       0x14 ./out/Entry.os
 .debug_abbrev  0x00000014       0x78 ./out/Handler.o
 .debug_abbrev  0x0000008c      0x49a ./out/Main.o
 .debug_abbrev  0x00000526      0x210 ./out/Interrupt.o
 .debug_abbrev  0x00000736      0x122 ./out/Regs.o
 .debug_abbrev  0x00000858      0x1cb ./out/Timer.o
 .debug_abbrev  0x00000a23      0x24b ./out/Uart.o
 .debug_abbrev  0x00000c6e      0x1f2 ./out/stdio.o
 .debug_abbrev  0x00000e60      0x13e ./out/stdlib.o
 .debug_abbrev  0x00000f9e       0x2f ./out/armcpu.o
 .debug_abbrev  0x00000fcd       0x45 ./out/switch.o
 .debug_abbrev  0x00001012      0x106 ./out/event.o
 .debug_abbrev  0x00001118      0x1eb ./out/Kernel.o
 .debug_abbrev  0x00001303      0x1e5 ./out/msg.o
 .debug_abbrev  0x000014e8      0x106 ./out/synch.o
 .debug_abbrev  0x000015ee      0x1dc ./out/task.o
 .debug_abbrev  0x000017ca       0x28 /usr/lib/gcc/arm-none-eabi/13.2.1/libgcc.a(_udivsi3.o)
 .debug_abbrev  0x000017f2       0x26 /usr/lib/gcc/arm-none-eabi/13.2.1/libgcc.a(_dvmd_tls.o)

.debug_aranges  0x00000000      0x3f0
 .debug_aranges
                0x00000000       0x20 ./out/Entry.os
 .debug_aranges
                0x00000020       0x28 ./out/Handler.o
 .debug_aranges
                0x00000048       0x50 ./out/Main.o
 .debug_aranges
                0x00000098       0x40 ./out/Interrupt.o
 .debug_aranges
                0x000000d8       0x18 ./out/Regs.o
 .debug_aranges
                0x000000f0       0x30 ./out/Timer.o
 .debug_aranges
                0x00000120       0x38 ./out/Uart.o
 .debug_aranges
                0x00000158       0x40 ./out/stdio.o
 .debug_aranges
                0x00000198       0x30 ./out/stdlib.o
 .debug_aranges
                0x000001c8       0x38 ./out/armcpu.o
 .debug_aranges
                0x00000200       0x38 ./out/switch.o
 .debug_aranges
                0x00000238       0x38 ./out/event.o
 .debug_aranges
                0x00000270       0x70 ./out/Kernel.o
 .debug_aranges
                0x000002e0       0x48 ./out/msg.o
 .debug_aranges
                0x00000328       0x48 ./out/synch.o
 .debug_aranges
                0x00000370       0x40 ./out/task.o
 .debug_aranges
                0x000003b0       0x20 /usr/lib/gcc/arm-none-eabi/13.2.1/libgcc.a(_udivsi3.o)
 .debug_aranges
                0x000003d0       0x20 /usr/lib/gcc/arm-none-eabi/13.2.1/libgcc.a(_dvmd_tls.o)

.debug_str      0x00000000     0x1419
 .debug_str     0x00000000     0x1419 ./out/Entry.os
                                 0x40 (size before relaxing)
 .debug_str     0x00001419      0x155 ./out/Handler.o
 .debug_str     0x00001419      0xb3e ./out/Main.o
 .debug_str     0x00001419      0x3fd ./out/Interrupt.o
 .debug_str     0x00001419      0x6cb ./out/Regs.o
 .debug_str     0x00001419      0x654 ./out/Timer.o
 .debug_str     0x00001419      0x895 ./out/Uart.o
 .debug_str     0x00001419      0x1e1 ./out/stdio.o
 .debug_str     0x00001419      0x17d ./out/stdlib.o
 .debug_str     0x00001419       0xea ./out/armcpu.o
 .debug_str     0x00001419      0x16e ./out/switch.o
 .debug_str     0x00001419      0x50a ./out/event.o
 .debug_str     0x00001419      0x70f ./out/Kernel.o
 .debug_str     0x00001419      0x235 ./out/msg.o
 .debug_str     0x00001419      0x1cd ./out/synch.o
 .debug_str     0x00001419      0x289 ./out/task.o
 .debug_str     0x00001419       0xa5 /usr/lib/gcc/arm-none-eabi/13.2.1/libgcc.a(_udivsi3.o)
 .debug_str     0x00001419       0xa6 /usr/lib/gcc/arm-none-eabi/13.2.1/libgcc.a(_dvmd_tls.o)

.debug_rnglists
                0x00000000      0x39f
 .debug_rnglists
                0x00000000       0x19 ./out/Handler.o
 .debug_rnglists
                0x00000019       0xd4 ./out/Main.o
 .debug_rnglists
                0x000000ed       0x3a ./out/Interrupt.o
 .debug_rnglists
                0x00000127       0x20 ./out/Timer.o
 .debug_rnglists
                0x00000147       0x25 ./out/Uart.o
 .debug_rnglists
                0x0000016c       0x4e ./out/stdio.o
 .debug_rnglists
                0x000001ba       0x1f ./out/stdlib.o
 .debug_rnglists
                0x000001d9       0x25 ./out/armcpu.o
 .debug_rnglists
                0x000001fe       0x25 ./out/switch.o
 .debug_rnglists
                0x00000223       0x25 ./out/event.o
 .debug_rnglists
                0x00000248       0xa0 ./out/Kernel.o
 .debug_rnglists
                0x000002e8       0x40 ./out/msg.o
 .debug_rnglists
                0x00000328       0x31 ./out/synch.o
 .debug_rnglists
                0x00000359       0x46 ./out/task.o

.debug_frame    0x00000000      0x748
 .debug_frame   0x00000000       0x40 ./out/Handler.o
 .debug_frame   0x00000040       0xd4 ./out/Main.o
 .debug_frame   0x00000114       0x78 ./out/Interrupt.o
 .debug_frame   0x0000018c       0x58 ./out/Timer.o
 .debug_frame   0x000001e4       0x68 ./out/Uart.o
 .debug_frame   0x0000024c       0xbc ./out/stdio.o
 .debug_frame   0x00000308       0x48 ./out/stdlib.o
 .debug_frame   0x00000350       0x50 ./out/armcpu.o
 .debug_frame   0x000003a0       0x50 ./out/switch.o
 .debug_frame   0x000003f0       0x5c ./out/event.o
 .debug_frame   0x0000044c      0x130 ./out/Kernel.o
 .debug_frame   0x0000057c       0xb8 ./out/msg.o
 .debug_frame   0x00000634       0x70 ./out/synch.o
 .debug_frame   0x000006a4       0x84 ./out/task.o
 .debug_frame   0x00000728       0x20 /usr/lib/gcc/arm-none-eabi/13.2.1/libgcc.a(_udivsi3.o)

.debug_loclists
                0x00000000      0xb8d
 .debug_loclists
                0x00000000      0x280 ./out/Main.o
 .debug_loclists
                0x00000280       0x5a ./out/Interrupt.o
 .debug_loclists
                0x000002da       0x17 ./out/Uart.o
 .debug_loclists
                0x000002f1      0x2b4 ./out/stdio.o
 .debug_loclists
                0x000005a5       0xda ./out/stdlib.o
 .debug_loclists
                0x0000067f       0x40 ./out/event.o
 .debug_loclists
                0x000006bf      0x1fd ./out/Kernel.o
 .debug_loclists
                0x000008bc      0x181 ./out/msg.o
 .debug_loclists
                0x00000a3d       0x63 ./out/synch.o
 .debug_loclists
                0x00000aa0       0xed ./out/task.o
